../Core/Src/HD44780_F3.c:175:6:GPIO_SetBits	16	static
../Core/Src/HD44780_F3.c:179:6:GPIO_ResetBits	16	static
../Core/Src/HD44780_F3.c:185:6:hd44780_wr_hi_nibble	16	static
../Core/Src/HD44780_F3.c:220:6:hd44780_wr_lo_nibble	16	static
../Core/Src/HD44780_F3.c:254:6:hd44780_write	16	static
../Core/Src/HD44780_F3.c:321:6:hd44780_wr_cmd	16	static
../Core/Src/HD44780_F3.c:326:6:hd44780_wr_data	16	static
../Core/Src/HD44780_F3.c:346:6:hd44780_Delay	16	static
../Core/Src/HD44780_F3.c:368:6:HD44780_Init	32	static
../Core/Src/HD44780_F3.c:444:6:HD44780_PutChar	16	static
../Core/Src/HD44780_F3.c:464:6:HD44780_GotoXY	24	static
../Core/Src/HD44780_F3.c:504:6:HD44780_PutStr	24	static
../Core/Src/HD44780_F3.c:526:6:HD44780_ClrScr	8	static
